// Jest Snapshot v1, https://goo.gl/fbAQLP

exports[`Storyshots Atoms/Buttons Primary 1`] = `
<button
  className="sc-bdfBwQ ewgjwJ"
  type="button"
>
  My Button
</button>
`;
